 
****************************************
Report : area
Design : FLT
Version: M-2016.12
Date   : Fri Dec  6 10:42:22 2019
****************************************

Library(s) Used:

    saed90nm_typ (File: /work/global/brg/install/adk-pkgs/saed-90nm/pkgs/SAED_EDK90nm_01252011/SAED_EDK90nm/Digital_Standard_cell_Library/synopsys/models/saed90nm_typ.db)

Number of ports:                          631
Number of nets:                         20896
Number of cells:                        17968
Number of combinational cells:          17495
Number of sequential cells:               464
Number of macros/black boxes:               0
Number of buf/inv:                       1914
Number of references:                      49

Combinational area:             205172.123034
Buf/Inv area:                    10583.654675
Noncombinational area:           14848.819420
Macro/Black Box area:                0.000000
Net Interconnect area:           42711.690847

Total cell area:                220020.942454
Total area:                     262732.633302

The above information was reported from the logical library. The following are from the physical library:

Hierarchical area distribution
------------------------------

                                  Global cell area              Local cell area
                                  --------------------  ------------------------------- 
Hierarchical cell                 Absolute     Percent  Combi-       Noncombi-   Black-
                                  Total        Total    national     national    boxes   Design
--------------------------------  -----------  -------  -----------  ----------  ------  -----------------
FLT                               220020.9425    100.0  204401.6654   7075.1233  0.0000  FLT
FF_DIV_OUT                           822.9888      0.4     210.1248    612.8640  0.0000  FF_DATA_WIDTH20
FF_FLT_IN                            774.1440      0.4       0.0000    774.1440  0.0000  FF_DATA_WIDTH24
FF_a2_minus                         1382.4000      0.6     350.2080   1032.1920  0.0000  FF_DATA_WIDTH32_4
FF_cos_OUT                           822.9888      0.4     210.1248    612.8640  0.0000  FF_DATA_WIDTH19_1
FF_sin_OUT                           612.8640      0.3       0.0000    612.8640  0.0000  FF_DATA_WIDTH19_0
FF_x1                               1032.1920      0.5       0.0000   1032.1920  0.0000  FF_DATA_WIDTH32_3
FF_x2                               1032.1920      0.5       0.0000   1032.1920  0.0000  FF_DATA_WIDTH32_2
FF_y1                               1032.1920      0.5       0.0000   1032.1920  0.0000  FF_DATA_WIDTH32_1
FF_y2                               1032.1920      0.5       0.0000   1032.1920  0.0000  FF_DATA_WIDTH32_0
--------------------------------  -----------  -------  -----------  ----------  ------  -----------------
Total                                                   205172.1230  14848.8194  0.0000

1
