 
****************************************
Report : area
Design : FLT
Version: M-2016.12
Date   : Fri Dec  6 10:28:18 2019
****************************************

Library(s) Used:

    saed90nm_typ (File: /work/global/brg/install/adk-pkgs/saed-90nm/pkgs/SAED_EDK90nm_01252011/SAED_EDK90nm/Digital_Standard_cell_Library/synopsys/models/saed90nm_typ.db)

Number of ports:                          631
Number of nets:                         20697
Number of cells:                        17968
Number of combinational cells:          17496
Number of sequential cells:               463
Number of macros/black boxes:               0
Number of buf/inv:                       1776
Number of references:                      75

Combinational area:             211206.759688
Buf/Inv area:                    10040.832247
Noncombinational area:           14883.840233
Macro/Black Box area:                0.000000
Net Interconnect area:           42627.377923

Total cell area:                226090.599921
Total area:                     268717.977845

The above information was reported from the logical library. The following are from the physical library:

Hierarchical area distribution
------------------------------

                                  Global cell area              Local cell area
                                  --------------------  ------------------------------- 
Hierarchical cell                 Absolute     Percent  Combi-       Noncombi-   Black-
                                  Total        Total    national     national    boxes   Design
--------------------------------  -----------  -------  -----------  ----------  ------  -----------------
FLT                               226090.5999    100.0  210386.5357   7112.9089  0.0000  FLT
FF_DIV_OUT                           822.9888      0.4     210.1248    612.8640  0.0000  FF_DATA_WIDTH20
FF_FLT_IN                            778.7520      0.3       5.5296    773.2224  0.0000  FF_DATA_WIDTH24
FF_a2_minus                         1398.9888      0.6     366.7968   1032.1920  0.0000  FF_DATA_WIDTH32_4
FF_cos_OUT                           839.5776      0.4     226.7136    612.8640  0.0000  FF_DATA_WIDTH19_1
FF_sin_OUT                           612.8640      0.3       0.0000    612.8640  0.0000  FF_DATA_WIDTH19_0
FF_x1                               1032.1920      0.5       0.0000   1032.1920  0.0000  FF_DATA_WIDTH32_3
FF_x2                               1036.8000      0.5       5.5296   1031.2704  0.0000  FF_DATA_WIDTH32_2
FF_y1                               1032.1920      0.5       0.0000   1032.1920  0.0000  FF_DATA_WIDTH32_1
FF_y2                               1036.8000      0.5       5.5296   1031.2704  0.0000  FF_DATA_WIDTH32_0
--------------------------------  -----------  -------  -----------  ----------  ------  -----------------
Total                                                   211206.7597  14883.8402  0.0000

1
